Successfully collected system metrics
Successfully collected system metrics
Successfully collected system metrics
Successfully collected system metrics
Successfully collected system metrics
Successfully collected system metrics
Successfully collected system metrics
Successfully collected system metrics
Successfully collected system metrics
Successfully collected system metrics
Successfully collected system metrics
Successfully collected system metrics
Successfully collected system metrics
Successfully collected system metrics
Successfully collected system metrics
Successfully collected system metrics
Successfully collected system metrics
Successfully collected system metrics
Successfully collected system metrics
Successfully collected system metrics
Successfully collected system metrics
Successfully collected system metrics
Successfully collected system metrics
Successfully collected system metrics
Traceback (most recent call last):
  File "/home/pouya/Desktop/Git/TempBoiler/src/manage.py", line 22, in <module>
    main()
    ~~~~^^
  File "/home/pouya/Desktop/Git/TempBoiler/src/manage.py", line 18, in main
    execute_from_command_line(sys.argv)
    ~~~~~~~~~~~~~~~~~~~~~~~~~^^^^^^^^^^
  File "/home/pouya/Desktop/Git/django/lib64/python3.13/site-packages/django/core/management/__init__.py", line 442, in execute_from_command_line
    utility.execute()
    ~~~~~~~~~~~~~~~^^
  File "/home/pouya/Desktop/Git/django/lib64/python3.13/site-packages/django/core/management/__init__.py", line 436, in execute
    self.fetch_command(subcommand).run_from_argv(self.argv)
    ~~~~~~~~~~~~~~~~~~~~~~~~~~~~~~~~~~~~~~~~~~~~^^^^^^^^^^^
  File "/home/pouya/Desktop/Git/django/lib64/python3.13/site-packages/django/core/management/base.py", line 416, in run_from_argv
    self.execute(*args, **cmd_options)
    ~~~~~~~~~~~~^^^^^^^^^^^^^^^^^^^^^^
  File "/home/pouya/Desktop/Git/django/lib64/python3.13/site-packages/django/core/management/base.py", line 457, in execute
    self.check(**check_kwargs)
    ~~~~~~~~~~^^^^^^^^^^^^^^^^
  File "/home/pouya/Desktop/Git/django/lib64/python3.13/site-packages/django/core/management/base.py", line 492, in check
    all_issues = checks.run_checks(
        app_configs=app_configs,
    ...<2 lines>...
        databases=databases,
    )
  File "/home/pouya/Desktop/Git/django/lib64/python3.13/site-packages/django/core/checks/registry.py", line 89, in run_checks
    new_errors = check(app_configs=app_configs, databases=databases)
  File "/home/pouya/Desktop/Git/django/lib64/python3.13/site-packages/django/core/checks/urls.py", line 136, in check_custom_error_handlers
    handler = resolver.resolve_error_handler(status_code)
  File "/home/pouya/Desktop/Git/django/lib64/python3.13/site-packages/django/urls/resolvers.py", line 732, in resolve_error_handler
    callback = getattr(self.urlconf_module, "handler%s" % view_type, None)
                       ^^^^^^^^^^^^^^^^^^^
  File "/home/pouya/Desktop/Git/django/lib64/python3.13/site-packages/django/utils/functional.py", line 47, in __get__
    res = instance.__dict__[self.name] = self.func(instance)
                                         ~~~~~~~~~^^^^^^^^^^
  File "/home/pouya/Desktop/Git/django/lib64/python3.13/site-packages/django/urls/resolvers.py", line 711, in urlconf_module
    return import_module(self.urlconf_name)
  File "/usr/lib64/python3.13/importlib/__init__.py", line 88, in import_module
    return _bootstrap._gcd_import(name[level:], package, level)
           ~~~~~~~~~~~~~~~~~~~~~~^^^^^^^^^^^^^^^^^^^^^^^^^^^^^^
  File "<frozen importlib._bootstrap>", line 1387, in _gcd_import
  File "<frozen importlib._bootstrap>", line 1360, in _find_and_load
  File "<frozen importlib._bootstrap>", line 1331, in _find_and_load_unlocked
  File "<frozen importlib._bootstrap>", line 935, in _load_unlocked
  File "<frozen importlib._bootstrap_external>", line 1026, in exec_module
  File "<frozen importlib._bootstrap>", line 488, in _call_with_frames_removed
  File "/home/pouya/Desktop/Git/TempBoiler/src/app/urls.py", line 51, in <module>
    path('', include('UI.urls')),
             ~~~~~~~^^^^^^^^^^^
  File "/home/pouya/Desktop/Git/django/lib64/python3.13/site-packages/django/urls/conf.py", line 39, in include
    urlconf_module = import_module(urlconf_module)
  File "/usr/lib64/python3.13/importlib/__init__.py", line 88, in import_module
    return _bootstrap._gcd_import(name[level:], package, level)
           ~~~~~~~~~~~~~~~~~~~~~~^^^^^^^^^^^^^^^^^^^^^^^^^^^^^^
  File "<frozen importlib._bootstrap>", line 1387, in _gcd_import
  File "<frozen importlib._bootstrap>", line 1360, in _find_and_load
  File "<frozen importlib._bootstrap>", line 1331, in _find_and_load_unlocked
  File "<frozen importlib._bootstrap>", line 935, in _load_unlocked
  File "<frozen importlib._bootstrap_external>", line 1026, in exec_module
  File "<frozen importlib._bootstrap>", line 488, in _call_with_frames_removed
  File "/home/pouya/Desktop/Git/TempBoiler/src/UI/urls.py", line 7, in <module>
    path('daemon/', DaemonManagerView.as_view(), name='daemon-manager'),
                    ^^^^^^^^^^^^^^^^^^^^^^^^^
AttributeError: 'function' object has no attribute 'as_view'
Traceback (most recent call last):
  File "/home/pouya/Desktop/Git/TempBoiler/src/manage.py", line 22, in <module>
    main()
    ~~~~^^
  File "/home/pouya/Desktop/Git/TempBoiler/src/manage.py", line 18, in main
    execute_from_command_line(sys.argv)
    ~~~~~~~~~~~~~~~~~~~~~~~~~^^^^^^^^^^
  File "/home/pouya/Desktop/Git/django/lib64/python3.13/site-packages/django/core/management/__init__.py", line 442, in execute_from_command_line
    utility.execute()
    ~~~~~~~~~~~~~~~^^
  File "/home/pouya/Desktop/Git/django/lib64/python3.13/site-packages/django/core/management/__init__.py", line 436, in execute
    self.fetch_command(subcommand).run_from_argv(self.argv)
    ~~~~~~~~~~~~~~~~~~~~~~~~~~~~~~~~~~~~~~~~~~~~^^^^^^^^^^^
  File "/home/pouya/Desktop/Git/django/lib64/python3.13/site-packages/django/core/management/base.py", line 416, in run_from_argv
    self.execute(*args, **cmd_options)
    ~~~~~~~~~~~~^^^^^^^^^^^^^^^^^^^^^^
  File "/home/pouya/Desktop/Git/django/lib64/python3.13/site-packages/django/core/management/base.py", line 457, in execute
    self.check(**check_kwargs)
    ~~~~~~~~~~^^^^^^^^^^^^^^^^
  File "/home/pouya/Desktop/Git/django/lib64/python3.13/site-packages/django/core/management/base.py", line 492, in check
    all_issues = checks.run_checks(
        app_configs=app_configs,
    ...<2 lines>...
        databases=databases,
    )
  File "/home/pouya/Desktop/Git/django/lib64/python3.13/site-packages/django/core/checks/registry.py", line 89, in run_checks
    new_errors = check(app_configs=app_configs, databases=databases)
  File "/home/pouya/Desktop/Git/django/lib64/python3.13/site-packages/django/core/checks/urls.py", line 136, in check_custom_error_handlers
    handler = resolver.resolve_error_handler(status_code)
  File "/home/pouya/Desktop/Git/django/lib64/python3.13/site-packages/django/urls/resolvers.py", line 732, in resolve_error_handler
    callback = getattr(self.urlconf_module, "handler%s" % view_type, None)
                       ^^^^^^^^^^^^^^^^^^^
  File "/home/pouya/Desktop/Git/django/lib64/python3.13/site-packages/django/utils/functional.py", line 47, in __get__
    res = instance.__dict__[self.name] = self.func(instance)
                                         ~~~~~~~~~^^^^^^^^^^
  File "/home/pouya/Desktop/Git/django/lib64/python3.13/site-packages/django/urls/resolvers.py", line 711, in urlconf_module
    return import_module(self.urlconf_name)
  File "/usr/lib64/python3.13/importlib/__init__.py", line 88, in import_module
    return _bootstrap._gcd_import(name[level:], package, level)
           ~~~~~~~~~~~~~~~~~~~~~~^^^^^^^^^^^^^^^^^^^^^^^^^^^^^^
  File "<frozen importlib._bootstrap>", line 1387, in _gcd_import
  File "<frozen importlib._bootstrap>", line 1360, in _find_and_load
  File "<frozen importlib._bootstrap>", line 1331, in _find_and_load_unlocked
  File "<frozen importlib._bootstrap>", line 935, in _load_unlocked
  File "<frozen importlib._bootstrap_external>", line 1026, in exec_module
  File "<frozen importlib._bootstrap>", line 488, in _call_with_frames_removed
  File "/home/pouya/Desktop/Git/TempBoiler/src/app/urls.py", line 51, in <module>
    path('', include('UI.urls')),
             ~~~~~~~^^^^^^^^^^^
  File "/home/pouya/Desktop/Git/django/lib64/python3.13/site-packages/django/urls/conf.py", line 39, in include
    urlconf_module = import_module(urlconf_module)
  File "/usr/lib64/python3.13/importlib/__init__.py", line 88, in import_module
    return _bootstrap._gcd_import(name[level:], package, level)
           ~~~~~~~~~~~~~~~~~~~~~~^^^^^^^^^^^^^^^^^^^^^^^^^^^^^^
  File "<frozen importlib._bootstrap>", line 1387, in _gcd_import
  File "<frozen importlib._bootstrap>", line 1360, in _find_and_load
  File "<frozen importlib._bootstrap>", line 1331, in _find_and_load_unlocked
  File "<frozen importlib._bootstrap>", line 935, in _load_unlocked
  File "<frozen importlib._bootstrap_external>", line 1026, in exec_module
  File "<frozen importlib._bootstrap>", line 488, in _call_with_frames_removed
  File "/home/pouya/Desktop/Git/TempBoiler/src/UI/urls.py", line 7, in <module>
    path('daemon/', DaemonManagerView.as_view(), name='daemon-manager'),
                    ^^^^^^^^^^^^^^^^^^^^^^^^^
AttributeError: 'function' object has no attribute 'as_view'
Traceback (most recent call last):
  File "/home/pouya/Desktop/Git/TempBoiler/src/manage.py", line 22, in <module>
    main()
    ~~~~^^
  File "/home/pouya/Desktop/Git/TempBoiler/src/manage.py", line 18, in main
    execute_from_command_line(sys.argv)
    ~~~~~~~~~~~~~~~~~~~~~~~~~^^^^^^^^^^
  File "/home/pouya/Desktop/Git/django/lib64/python3.13/site-packages/django/core/management/__init__.py", line 442, in execute_from_command_line
    utility.execute()
    ~~~~~~~~~~~~~~~^^
  File "/home/pouya/Desktop/Git/django/lib64/python3.13/site-packages/django/core/management/__init__.py", line 436, in execute
    self.fetch_command(subcommand).run_from_argv(self.argv)
    ~~~~~~~~~~~~~~~~~~~~~~~~~~~~~~~~~~~~~~~~~~~~^^^^^^^^^^^
  File "/home/pouya/Desktop/Git/django/lib64/python3.13/site-packages/django/core/management/base.py", line 416, in run_from_argv
    self.execute(*args, **cmd_options)
    ~~~~~~~~~~~~^^^^^^^^^^^^^^^^^^^^^^
  File "/home/pouya/Desktop/Git/django/lib64/python3.13/site-packages/django/core/management/base.py", line 457, in execute
    self.check(**check_kwargs)
    ~~~~~~~~~~^^^^^^^^^^^^^^^^
  File "/home/pouya/Desktop/Git/django/lib64/python3.13/site-packages/django/core/management/base.py", line 492, in check
    all_issues = checks.run_checks(
        app_configs=app_configs,
    ...<2 lines>...
        databases=databases,
    )
  File "/home/pouya/Desktop/Git/django/lib64/python3.13/site-packages/django/core/checks/registry.py", line 89, in run_checks
    new_errors = check(app_configs=app_configs, databases=databases)
  File "/home/pouya/Desktop/Git/django/lib64/python3.13/site-packages/django/core/checks/urls.py", line 136, in check_custom_error_handlers
    handler = resolver.resolve_error_handler(status_code)
  File "/home/pouya/Desktop/Git/django/lib64/python3.13/site-packages/django/urls/resolvers.py", line 732, in resolve_error_handler
    callback = getattr(self.urlconf_module, "handler%s" % view_type, None)
                       ^^^^^^^^^^^^^^^^^^^
  File "/home/pouya/Desktop/Git/django/lib64/python3.13/site-packages/django/utils/functional.py", line 47, in __get__
    res = instance.__dict__[self.name] = self.func(instance)
                                         ~~~~~~~~~^^^^^^^^^^
  File "/home/pouya/Desktop/Git/django/lib64/python3.13/site-packages/django/urls/resolvers.py", line 711, in urlconf_module
    return import_module(self.urlconf_name)
  File "/usr/lib64/python3.13/importlib/__init__.py", line 88, in import_module
    return _bootstrap._gcd_import(name[level:], package, level)
           ~~~~~~~~~~~~~~~~~~~~~~^^^^^^^^^^^^^^^^^^^^^^^^^^^^^^
  File "<frozen importlib._bootstrap>", line 1387, in _gcd_import
  File "<frozen importlib._bootstrap>", line 1360, in _find_and_load
  File "<frozen importlib._bootstrap>", line 1331, in _find_and_load_unlocked
  File "<frozen importlib._bootstrap>", line 935, in _load_unlocked
  File "<frozen importlib._bootstrap_external>", line 1026, in exec_module
  File "<frozen importlib._bootstrap>", line 488, in _call_with_frames_removed
  File "/home/pouya/Desktop/Git/TempBoiler/src/app/urls.py", line 51, in <module>
    path('', include('UI.urls')),
             ~~~~~~~^^^^^^^^^^^
  File "/home/pouya/Desktop/Git/django/lib64/python3.13/site-packages/django/urls/conf.py", line 39, in include
    urlconf_module = import_module(urlconf_module)
  File "/usr/lib64/python3.13/importlib/__init__.py", line 88, in import_module
    return _bootstrap._gcd_import(name[level:], package, level)
           ~~~~~~~~~~~~~~~~~~~~~~^^^^^^^^^^^^^^^^^^^^^^^^^^^^^^
  File "<frozen importlib._bootstrap>", line 1387, in _gcd_import
  File "<frozen importlib._bootstrap>", line 1360, in _find_and_load
  File "<frozen importlib._bootstrap>", line 1331, in _find_and_load_unlocked
  File "<frozen importlib._bootstrap>", line 935, in _load_unlocked
  File "<frozen importlib._bootstrap_external>", line 1026, in exec_module
  File "<frozen importlib._bootstrap>", line 488, in _call_with_frames_removed
  File "/home/pouya/Desktop/Git/TempBoiler/src/UI/urls.py", line 7, in <module>
    path('daemon/', DaemonManagerView.as_view(), name='daemon-manager'),
                    ^^^^^^^^^^^^^^^^^^^^^^^^^
AttributeError: 'function' object has no attribute 'as_view'
Traceback (most recent call last):
  File "/home/pouya/Desktop/Git/TempBoiler/src/manage.py", line 22, in <module>
    main()
    ~~~~^^
  File "/home/pouya/Desktop/Git/TempBoiler/src/manage.py", line 18, in main
    execute_from_command_line(sys.argv)
    ~~~~~~~~~~~~~~~~~~~~~~~~~^^^^^^^^^^
  File "/home/pouya/Desktop/Git/django/lib64/python3.13/site-packages/django/core/management/__init__.py", line 442, in execute_from_command_line
    utility.execute()
    ~~~~~~~~~~~~~~~^^
  File "/home/pouya/Desktop/Git/django/lib64/python3.13/site-packages/django/core/management/__init__.py", line 436, in execute
    self.fetch_command(subcommand).run_from_argv(self.argv)
    ~~~~~~~~~~~~~~~~~~~~~~~~~~~~~~~~~~~~~~~~~~~~^^^^^^^^^^^
  File "/home/pouya/Desktop/Git/django/lib64/python3.13/site-packages/django/core/management/base.py", line 416, in run_from_argv
    self.execute(*args, **cmd_options)
    ~~~~~~~~~~~~^^^^^^^^^^^^^^^^^^^^^^
  File "/home/pouya/Desktop/Git/django/lib64/python3.13/site-packages/django/core/management/base.py", line 457, in execute
    self.check(**check_kwargs)
    ~~~~~~~~~~^^^^^^^^^^^^^^^^
  File "/home/pouya/Desktop/Git/django/lib64/python3.13/site-packages/django/core/management/base.py", line 492, in check
    all_issues = checks.run_checks(
        app_configs=app_configs,
    ...<2 lines>...
        databases=databases,
    )
  File "/home/pouya/Desktop/Git/django/lib64/python3.13/site-packages/django/core/checks/registry.py", line 89, in run_checks
    new_errors = check(app_configs=app_configs, databases=databases)
  File "/home/pouya/Desktop/Git/django/lib64/python3.13/site-packages/django/core/checks/urls.py", line 136, in check_custom_error_handlers
    handler = resolver.resolve_error_handler(status_code)
  File "/home/pouya/Desktop/Git/django/lib64/python3.13/site-packages/django/urls/resolvers.py", line 732, in resolve_error_handler
    callback = getattr(self.urlconf_module, "handler%s" % view_type, None)
                       ^^^^^^^^^^^^^^^^^^^
  File "/home/pouya/Desktop/Git/django/lib64/python3.13/site-packages/django/utils/functional.py", line 47, in __get__
    res = instance.__dict__[self.name] = self.func(instance)
                                         ~~~~~~~~~^^^^^^^^^^
  File "/home/pouya/Desktop/Git/django/lib64/python3.13/site-packages/django/urls/resolvers.py", line 711, in urlconf_module
    return import_module(self.urlconf_name)
  File "/usr/lib64/python3.13/importlib/__init__.py", line 88, in import_module
    return _bootstrap._gcd_import(name[level:], package, level)
           ~~~~~~~~~~~~~~~~~~~~~~^^^^^^^^^^^^^^^^^^^^^^^^^^^^^^
  File "<frozen importlib._bootstrap>", line 1387, in _gcd_import
  File "<frozen importlib._bootstrap>", line 1360, in _find_and_load
  File "<frozen importlib._bootstrap>", line 1331, in _find_and_load_unlocked
  File "<frozen importlib._bootstrap>", line 935, in _load_unlocked
  File "<frozen importlib._bootstrap_external>", line 1026, in exec_module
  File "<frozen importlib._bootstrap>", line 488, in _call_with_frames_removed
  File "/home/pouya/Desktop/Git/TempBoiler/src/app/urls.py", line 51, in <module>
    path('', include('UI.urls')),
             ~~~~~~~^^^^^^^^^^^
  File "/home/pouya/Desktop/Git/django/lib64/python3.13/site-packages/django/urls/conf.py", line 39, in include
    urlconf_module = import_module(urlconf_module)
  File "/usr/lib64/python3.13/importlib/__init__.py", line 88, in import_module
    return _bootstrap._gcd_import(name[level:], package, level)
           ~~~~~~~~~~~~~~~~~~~~~~^^^^^^^^^^^^^^^^^^^^^^^^^^^^^^
  File "<frozen importlib._bootstrap>", line 1387, in _gcd_import
  File "<frozen importlib._bootstrap>", line 1360, in _find_and_load
  File "<frozen importlib._bootstrap>", line 1331, in _find_and_load_unlocked
  File "<frozen importlib._bootstrap>", line 935, in _load_unlocked
  File "<frozen importlib._bootstrap_external>", line 1026, in exec_module
  File "<frozen importlib._bootstrap>", line 488, in _call_with_frames_removed
  File "/home/pouya/Desktop/Git/TempBoiler/src/UI/urls.py", line 7, in <module>
    path('daemon/', DaemonManagerView.as_view(), name='daemon-manager'),
                    ^^^^^^^^^^^^^^^^^^^^^^^^^
AttributeError: 'function' object has no attribute 'as_view'
Traceback (most recent call last):
  File "/home/pouya/Desktop/Git/TempBoiler/src/manage.py", line 22, in <module>
    main()
    ~~~~^^
  File "/home/pouya/Desktop/Git/TempBoiler/src/manage.py", line 18, in main
    execute_from_command_line(sys.argv)
    ~~~~~~~~~~~~~~~~~~~~~~~~~^^^^^^^^^^
  File "/home/pouya/Desktop/Git/django/lib64/python3.13/site-packages/django/core/management/__init__.py", line 442, in execute_from_command_line
    utility.execute()
    ~~~~~~~~~~~~~~~^^
  File "/home/pouya/Desktop/Git/django/lib64/python3.13/site-packages/django/core/management/__init__.py", line 436, in execute
    self.fetch_command(subcommand).run_from_argv(self.argv)
    ~~~~~~~~~~~~~~~~~~~~~~~~~~~~~~~~~~~~~~~~~~~~^^^^^^^^^^^
  File "/home/pouya/Desktop/Git/django/lib64/python3.13/site-packages/django/core/management/base.py", line 416, in run_from_argv
    self.execute(*args, **cmd_options)
    ~~~~~~~~~~~~^^^^^^^^^^^^^^^^^^^^^^
  File "/home/pouya/Desktop/Git/django/lib64/python3.13/site-packages/django/core/management/base.py", line 457, in execute
    self.check(**check_kwargs)
    ~~~~~~~~~~^^^^^^^^^^^^^^^^
  File "/home/pouya/Desktop/Git/django/lib64/python3.13/site-packages/django/core/management/base.py", line 492, in check
    all_issues = checks.run_checks(
        app_configs=app_configs,
    ...<2 lines>...
        databases=databases,
    )
  File "/home/pouya/Desktop/Git/django/lib64/python3.13/site-packages/django/core/checks/registry.py", line 89, in run_checks
    new_errors = check(app_configs=app_configs, databases=databases)
  File "/home/pouya/Desktop/Git/django/lib64/python3.13/site-packages/django/core/checks/urls.py", line 136, in check_custom_error_handlers
    handler = resolver.resolve_error_handler(status_code)
  File "/home/pouya/Desktop/Git/django/lib64/python3.13/site-packages/django/urls/resolvers.py", line 732, in resolve_error_handler
    callback = getattr(self.urlconf_module, "handler%s" % view_type, None)
                       ^^^^^^^^^^^^^^^^^^^
  File "/home/pouya/Desktop/Git/django/lib64/python3.13/site-packages/django/utils/functional.py", line 47, in __get__
    res = instance.__dict__[self.name] = self.func(instance)
                                         ~~~~~~~~~^^^^^^^^^^
  File "/home/pouya/Desktop/Git/django/lib64/python3.13/site-packages/django/urls/resolvers.py", line 711, in urlconf_module
    return import_module(self.urlconf_name)
  File "/usr/lib64/python3.13/importlib/__init__.py", line 88, in import_module
    return _bootstrap._gcd_import(name[level:], package, level)
           ~~~~~~~~~~~~~~~~~~~~~~^^^^^^^^^^^^^^^^^^^^^^^^^^^^^^
  File "<frozen importlib._bootstrap>", line 1387, in _gcd_import
  File "<frozen importlib._bootstrap>", line 1360, in _find_and_load
  File "<frozen importlib._bootstrap>", line 1331, in _find_and_load_unlocked
  File "<frozen importlib._bootstrap>", line 935, in _load_unlocked
  File "<frozen importlib._bootstrap_external>", line 1026, in exec_module
  File "<frozen importlib._bootstrap>", line 488, in _call_with_frames_removed
  File "/home/pouya/Desktop/Git/TempBoiler/src/app/urls.py", line 51, in <module>
    path('', include('UI.urls')),
             ~~~~~~~^^^^^^^^^^^
  File "/home/pouya/Desktop/Git/django/lib64/python3.13/site-packages/django/urls/conf.py", line 39, in include
    urlconf_module = import_module(urlconf_module)
  File "/usr/lib64/python3.13/importlib/__init__.py", line 88, in import_module
    return _bootstrap._gcd_import(name[level:], package, level)
           ~~~~~~~~~~~~~~~~~~~~~~^^^^^^^^^^^^^^^^^^^^^^^^^^^^^^
  File "<frozen importlib._bootstrap>", line 1387, in _gcd_import
  File "<frozen importlib._bootstrap>", line 1360, in _find_and_load
  File "<frozen importlib._bootstrap>", line 1331, in _find_and_load_unlocked
  File "<frozen importlib._bootstrap>", line 935, in _load_unlocked
  File "<frozen importlib._bootstrap_external>", line 1026, in exec_module
  File "<frozen importlib._bootstrap>", line 488, in _call_with_frames_removed
  File "/home/pouya/Desktop/Git/TempBoiler/src/UI/urls.py", line 7, in <module>
    path('daemon/', DaemonManagerView.as_view(), name='daemon-manager'),
                    ^^^^^^^^^^^^^^^^^^^^^^^^^
AttributeError: 'function' object has no attribute 'as_view'
Traceback (most recent call last):
  File "/home/pouya/Desktop/Git/TempBoiler/src/manage.py", line 22, in <module>
    main()
    ~~~~^^
  File "/home/pouya/Desktop/Git/TempBoiler/src/manage.py", line 18, in main
    execute_from_command_line(sys.argv)
    ~~~~~~~~~~~~~~~~~~~~~~~~~^^^^^^^^^^
  File "/home/pouya/Desktop/Git/django/lib64/python3.13/site-packages/django/core/management/__init__.py", line 442, in execute_from_command_line
    utility.execute()
    ~~~~~~~~~~~~~~~^^
  File "/home/pouya/Desktop/Git/django/lib64/python3.13/site-packages/django/core/management/__init__.py", line 436, in execute
    self.fetch_command(subcommand).run_from_argv(self.argv)
    ~~~~~~~~~~~~~~~~~~~~~~~~~~~~~~~~~~~~~~~~~~~~^^^^^^^^^^^
  File "/home/pouya/Desktop/Git/django/lib64/python3.13/site-packages/django/core/management/base.py", line 416, in run_from_argv
    self.execute(*args, **cmd_options)
    ~~~~~~~~~~~~^^^^^^^^^^^^^^^^^^^^^^
  File "/home/pouya/Desktop/Git/django/lib64/python3.13/site-packages/django/core/management/base.py", line 457, in execute
    self.check(**check_kwargs)
    ~~~~~~~~~~^^^^^^^^^^^^^^^^
  File "/home/pouya/Desktop/Git/django/lib64/python3.13/site-packages/django/core/management/base.py", line 492, in check
    all_issues = checks.run_checks(
        app_configs=app_configs,
    ...<2 lines>...
        databases=databases,
    )
  File "/home/pouya/Desktop/Git/django/lib64/python3.13/site-packages/django/core/checks/registry.py", line 89, in run_checks
    new_errors = check(app_configs=app_configs, databases=databases)
  File "/home/pouya/Desktop/Git/django/lib64/python3.13/site-packages/django/core/checks/urls.py", line 136, in check_custom_error_handlers
    handler = resolver.resolve_error_handler(status_code)
  File "/home/pouya/Desktop/Git/django/lib64/python3.13/site-packages/django/urls/resolvers.py", line 732, in resolve_error_handler
    callback = getattr(self.urlconf_module, "handler%s" % view_type, None)
                       ^^^^^^^^^^^^^^^^^^^
  File "/home/pouya/Desktop/Git/django/lib64/python3.13/site-packages/django/utils/functional.py", line 47, in __get__
    res = instance.__dict__[self.name] = self.func(instance)
                                         ~~~~~~~~~^^^^^^^^^^
  File "/home/pouya/Desktop/Git/django/lib64/python3.13/site-packages/django/urls/resolvers.py", line 711, in urlconf_module
    return import_module(self.urlconf_name)
  File "/usr/lib64/python3.13/importlib/__init__.py", line 88, in import_module
    return _bootstrap._gcd_import(name[level:], package, level)
           ~~~~~~~~~~~~~~~~~~~~~~^^^^^^^^^^^^^^^^^^^^^^^^^^^^^^
  File "<frozen importlib._bootstrap>", line 1387, in _gcd_import
  File "<frozen importlib._bootstrap>", line 1360, in _find_and_load
  File "<frozen importlib._bootstrap>", line 1331, in _find_and_load_unlocked
  File "<frozen importlib._bootstrap>", line 935, in _load_unlocked
  File "<frozen importlib._bootstrap_external>", line 1026, in exec_module
  File "<frozen importlib._bootstrap>", line 488, in _call_with_frames_removed
  File "/home/pouya/Desktop/Git/TempBoiler/src/app/urls.py", line 51, in <module>
    path('', include('UI.urls')),
             ~~~~~~~^^^^^^^^^^^
  File "/home/pouya/Desktop/Git/django/lib64/python3.13/site-packages/django/urls/conf.py", line 39, in include
    urlconf_module = import_module(urlconf_module)
  File "/usr/lib64/python3.13/importlib/__init__.py", line 88, in import_module
    return _bootstrap._gcd_import(name[level:], package, level)
           ~~~~~~~~~~~~~~~~~~~~~~^^^^^^^^^^^^^^^^^^^^^^^^^^^^^^
  File "<frozen importlib._bootstrap>", line 1387, in _gcd_import
  File "<frozen importlib._bootstrap>", line 1360, in _find_and_load
  File "<frozen importlib._bootstrap>", line 1331, in _find_and_load_unlocked
  File "<frozen importlib._bootstrap>", line 935, in _load_unlocked
  File "<frozen importlib._bootstrap_external>", line 1026, in exec_module
  File "<frozen importlib._bootstrap>", line 488, in _call_with_frames_removed
  File "/home/pouya/Desktop/Git/TempBoiler/src/UI/urls.py", line 7, in <module>
    path('daemon/', DaemonManagerView.as_view(), name='daemon-manager'),
                    ^^^^^^^^^^^^^^^^^^^^^^^^^
AttributeError: 'function' object has no attribute 'as_view'
Traceback (most recent call last):
  File "/home/pouya/Desktop/Git/TempBoiler/src/manage.py", line 22, in <module>
    main()
    ~~~~^^
  File "/home/pouya/Desktop/Git/TempBoiler/src/manage.py", line 18, in main
    execute_from_command_line(sys.argv)
    ~~~~~~~~~~~~~~~~~~~~~~~~~^^^^^^^^^^
  File "/home/pouya/Desktop/Git/django/lib64/python3.13/site-packages/django/core/management/__init__.py", line 442, in execute_from_command_line
    utility.execute()
    ~~~~~~~~~~~~~~~^^
  File "/home/pouya/Desktop/Git/django/lib64/python3.13/site-packages/django/core/management/__init__.py", line 436, in execute
    self.fetch_command(subcommand).run_from_argv(self.argv)
    ~~~~~~~~~~~~~~~~~~~~~~~~~~~~~~~~~~~~~~~~~~~~^^^^^^^^^^^
  File "/home/pouya/Desktop/Git/django/lib64/python3.13/site-packages/django/core/management/base.py", line 416, in run_from_argv
    self.execute(*args, **cmd_options)
    ~~~~~~~~~~~~^^^^^^^^^^^^^^^^^^^^^^
  File "/home/pouya/Desktop/Git/django/lib64/python3.13/site-packages/django/core/management/base.py", line 457, in execute
    self.check(**check_kwargs)
    ~~~~~~~~~~^^^^^^^^^^^^^^^^
  File "/home/pouya/Desktop/Git/django/lib64/python3.13/site-packages/django/core/management/base.py", line 492, in check
    all_issues = checks.run_checks(
        app_configs=app_configs,
    ...<2 lines>...
        databases=databases,
    )
  File "/home/pouya/Desktop/Git/django/lib64/python3.13/site-packages/django/core/checks/registry.py", line 89, in run_checks
    new_errors = check(app_configs=app_configs, databases=databases)
  File "/home/pouya/Desktop/Git/django/lib64/python3.13/site-packages/django/core/checks/urls.py", line 136, in check_custom_error_handlers
    handler = resolver.resolve_error_handler(status_code)
  File "/home/pouya/Desktop/Git/django/lib64/python3.13/site-packages/django/urls/resolvers.py", line 732, in resolve_error_handler
    callback = getattr(self.urlconf_module, "handler%s" % view_type, None)
                       ^^^^^^^^^^^^^^^^^^^
  File "/home/pouya/Desktop/Git/django/lib64/python3.13/site-packages/django/utils/functional.py", line 47, in __get__
    res = instance.__dict__[self.name] = self.func(instance)
                                         ~~~~~~~~~^^^^^^^^^^
  File "/home/pouya/Desktop/Git/django/lib64/python3.13/site-packages/django/urls/resolvers.py", line 711, in urlconf_module
    return import_module(self.urlconf_name)
  File "/usr/lib64/python3.13/importlib/__init__.py", line 88, in import_module
    return _bootstrap._gcd_import(name[level:], package, level)
           ~~~~~~~~~~~~~~~~~~~~~~^^^^^^^^^^^^^^^^^^^^^^^^^^^^^^
  File "<frozen importlib._bootstrap>", line 1387, in _gcd_import
  File "<frozen importlib._bootstrap>", line 1360, in _find_and_load
  File "<frozen importlib._bootstrap>", line 1331, in _find_and_load_unlocked
  File "<frozen importlib._bootstrap>", line 935, in _load_unlocked
  File "<frozen importlib._bootstrap_external>", line 1026, in exec_module
  File "<frozen importlib._bootstrap>", line 488, in _call_with_frames_removed
  File "/home/pouya/Desktop/Git/TempBoiler/src/app/urls.py", line 51, in <module>
    path('', include('UI.urls')),
             ~~~~~~~^^^^^^^^^^^
  File "/home/pouya/Desktop/Git/django/lib64/python3.13/site-packages/django/urls/conf.py", line 39, in include
    urlconf_module = import_module(urlconf_module)
  File "/usr/lib64/python3.13/importlib/__init__.py", line 88, in import_module
    return _bootstrap._gcd_import(name[level:], package, level)
           ~~~~~~~~~~~~~~~~~~~~~~^^^^^^^^^^^^^^^^^^^^^^^^^^^^^^
  File "<frozen importlib._bootstrap>", line 1387, in _gcd_import
  File "<frozen importlib._bootstrap>", line 1360, in _find_and_load
  File "<frozen importlib._bootstrap>", line 1331, in _find_and_load_unlocked
  File "<frozen importlib._bootstrap>", line 935, in _load_unlocked
  File "<frozen importlib._bootstrap_external>", line 1026, in exec_module
  File "<frozen importlib._bootstrap>", line 488, in _call_with_frames_removed
  File "/home/pouya/Desktop/Git/TempBoiler/src/UI/urls.py", line 7, in <module>
    path('daemon/', DaemonManagerView.as_view(), name='daemon-manager'),
                    ^^^^^^^^^^^^^^^^^^^^^^^^^
AttributeError: 'function' object has no attribute 'as_view'
Traceback (most recent call last):
  File "/home/pouya/Desktop/Git/TempBoiler/src/manage.py", line 22, in <module>
    main()
    ~~~~^^
  File "/home/pouya/Desktop/Git/TempBoiler/src/manage.py", line 18, in main
    execute_from_command_line(sys.argv)
    ~~~~~~~~~~~~~~~~~~~~~~~~~^^^^^^^^^^
  File "/home/pouya/Desktop/Git/django/lib64/python3.13/site-packages/django/core/management/__init__.py", line 442, in execute_from_command_line
    utility.execute()
    ~~~~~~~~~~~~~~~^^
  File "/home/pouya/Desktop/Git/django/lib64/python3.13/site-packages/django/core/management/__init__.py", line 436, in execute
    self.fetch_command(subcommand).run_from_argv(self.argv)
    ~~~~~~~~~~~~~~~~~~~~~~~~~~~~~~~~~~~~~~~~~~~~^^^^^^^^^^^
  File "/home/pouya/Desktop/Git/django/lib64/python3.13/site-packages/django/core/management/base.py", line 416, in run_from_argv
    self.execute(*args, **cmd_options)
    ~~~~~~~~~~~~^^^^^^^^^^^^^^^^^^^^^^
  File "/home/pouya/Desktop/Git/django/lib64/python3.13/site-packages/django/core/management/base.py", line 457, in execute
    self.check(**check_kwargs)
    ~~~~~~~~~~^^^^^^^^^^^^^^^^
  File "/home/pouya/Desktop/Git/django/lib64/python3.13/site-packages/django/core/management/base.py", line 492, in check
    all_issues = checks.run_checks(
        app_configs=app_configs,
    ...<2 lines>...
        databases=databases,
    )
  File "/home/pouya/Desktop/Git/django/lib64/python3.13/site-packages/django/core/checks/registry.py", line 89, in run_checks
    new_errors = check(app_configs=app_configs, databases=databases)
  File "/home/pouya/Desktop/Git/django/lib64/python3.13/site-packages/django/core/checks/urls.py", line 136, in check_custom_error_handlers
    handler = resolver.resolve_error_handler(status_code)
  File "/home/pouya/Desktop/Git/django/lib64/python3.13/site-packages/django/urls/resolvers.py", line 732, in resolve_error_handler
    callback = getattr(self.urlconf_module, "handler%s" % view_type, None)
                       ^^^^^^^^^^^^^^^^^^^
  File "/home/pouya/Desktop/Git/django/lib64/python3.13/site-packages/django/utils/functional.py", line 47, in __get__
    res = instance.__dict__[self.name] = self.func(instance)
                                         ~~~~~~~~~^^^^^^^^^^
  File "/home/pouya/Desktop/Git/django/lib64/python3.13/site-packages/django/urls/resolvers.py", line 711, in urlconf_module
    return import_module(self.urlconf_name)
  File "/usr/lib64/python3.13/importlib/__init__.py", line 88, in import_module
    return _bootstrap._gcd_import(name[level:], package, level)
           ~~~~~~~~~~~~~~~~~~~~~~^^^^^^^^^^^^^^^^^^^^^^^^^^^^^^
  File "<frozen importlib._bootstrap>", line 1387, in _gcd_import
  File "<frozen importlib._bootstrap>", line 1360, in _find_and_load
  File "<frozen importlib._bootstrap>", line 1331, in _find_and_load_unlocked
  File "<frozen importlib._bootstrap>", line 935, in _load_unlocked
  File "<frozen importlib._bootstrap_external>", line 1026, in exec_module
  File "<frozen importlib._bootstrap>", line 488, in _call_with_frames_removed
  File "/home/pouya/Desktop/Git/TempBoiler/src/app/urls.py", line 51, in <module>
    path('', include('UI.urls')),
             ~~~~~~~^^^^^^^^^^^
  File "/home/pouya/Desktop/Git/django/lib64/python3.13/site-packages/django/urls/conf.py", line 39, in include
    urlconf_module = import_module(urlconf_module)
  File "/usr/lib64/python3.13/importlib/__init__.py", line 88, in import_module
    return _bootstrap._gcd_import(name[level:], package, level)
           ~~~~~~~~~~~~~~~~~~~~~~^^^^^^^^^^^^^^^^^^^^^^^^^^^^^^
  File "<frozen importlib._bootstrap>", line 1387, in _gcd_import
  File "<frozen importlib._bootstrap>", line 1360, in _find_and_load
  File "<frozen importlib._bootstrap>", line 1331, in _find_and_load_unlocked
  File "<frozen importlib._bootstrap>", line 935, in _load_unlocked
  File "<frozen importlib._bootstrap_external>", line 1026, in exec_module
  File "<frozen importlib._bootstrap>", line 488, in _call_with_frames_removed
  File "/home/pouya/Desktop/Git/TempBoiler/src/UI/urls.py", line 7, in <module>
    path('daemon/', DaemonManagerView.as_view(), name='daemon-manager'),
                    ^^^^^^^^^^^^^^^^^^^^^^^^^
AttributeError: 'function' object has no attribute 'as_view'
Traceback (most recent call last):
  File "/home/pouya/Desktop/Git/TempBoiler/src/manage.py", line 22, in <module>
    main()
    ~~~~^^
  File "/home/pouya/Desktop/Git/TempBoiler/src/manage.py", line 18, in main
    execute_from_command_line(sys.argv)
    ~~~~~~~~~~~~~~~~~~~~~~~~~^^^^^^^^^^
  File "/home/pouya/Desktop/Git/django/lib64/python3.13/site-packages/django/core/management/__init__.py", line 442, in execute_from_command_line
    utility.execute()
    ~~~~~~~~~~~~~~~^^
  File "/home/pouya/Desktop/Git/django/lib64/python3.13/site-packages/django/core/management/__init__.py", line 436, in execute
    self.fetch_command(subcommand).run_from_argv(self.argv)
    ~~~~~~~~~~~~~~~~~~~~~~~~~~~~~~~~~~~~~~~~~~~~^^^^^^^^^^^
  File "/home/pouya/Desktop/Git/django/lib64/python3.13/site-packages/django/core/management/base.py", line 416, in run_from_argv
    self.execute(*args, **cmd_options)
    ~~~~~~~~~~~~^^^^^^^^^^^^^^^^^^^^^^
  File "/home/pouya/Desktop/Git/django/lib64/python3.13/site-packages/django/core/management/base.py", line 457, in execute
    self.check(**check_kwargs)
    ~~~~~~~~~~^^^^^^^^^^^^^^^^
  File "/home/pouya/Desktop/Git/django/lib64/python3.13/site-packages/django/core/management/base.py", line 492, in check
    all_issues = checks.run_checks(
        app_configs=app_configs,
    ...<2 lines>...
        databases=databases,
    )
  File "/home/pouya/Desktop/Git/django/lib64/python3.13/site-packages/django/core/checks/registry.py", line 89, in run_checks
    new_errors = check(app_configs=app_configs, databases=databases)
  File "/home/pouya/Desktop/Git/django/lib64/python3.13/site-packages/django/core/checks/urls.py", line 136, in check_custom_error_handlers
    handler = resolver.resolve_error_handler(status_code)
  File "/home/pouya/Desktop/Git/django/lib64/python3.13/site-packages/django/urls/resolvers.py", line 732, in resolve_error_handler
    callback = getattr(self.urlconf_module, "handler%s" % view_type, None)
                       ^^^^^^^^^^^^^^^^^^^
  File "/home/pouya/Desktop/Git/django/lib64/python3.13/site-packages/django/utils/functional.py", line 47, in __get__
    res = instance.__dict__[self.name] = self.func(instance)
                                         ~~~~~~~~~^^^^^^^^^^
  File "/home/pouya/Desktop/Git/django/lib64/python3.13/site-packages/django/urls/resolvers.py", line 711, in urlconf_module
    return import_module(self.urlconf_name)
  File "/usr/lib64/python3.13/importlib/__init__.py", line 88, in import_module
    return _bootstrap._gcd_import(name[level:], package, level)
           ~~~~~~~~~~~~~~~~~~~~~~^^^^^^^^^^^^^^^^^^^^^^^^^^^^^^
  File "<frozen importlib._bootstrap>", line 1387, in _gcd_import
  File "<frozen importlib._bootstrap>", line 1360, in _find_and_load
  File "<frozen importlib._bootstrap>", line 1331, in _find_and_load_unlocked
  File "<frozen importlib._bootstrap>", line 935, in _load_unlocked
  File "<frozen importlib._bootstrap_external>", line 1026, in exec_module
  File "<frozen importlib._bootstrap>", line 488, in _call_with_frames_removed
  File "/home/pouya/Desktop/Git/TempBoiler/src/app/urls.py", line 51, in <module>
    path('', include('UI.urls')),
             ~~~~~~~^^^^^^^^^^^
  File "/home/pouya/Desktop/Git/django/lib64/python3.13/site-packages/django/urls/conf.py", line 39, in include
    urlconf_module = import_module(urlconf_module)
  File "/usr/lib64/python3.13/importlib/__init__.py", line 88, in import_module
    return _bootstrap._gcd_import(name[level:], package, level)
           ~~~~~~~~~~~~~~~~~~~~~~^^^^^^^^^^^^^^^^^^^^^^^^^^^^^^
  File "<frozen importlib._bootstrap>", line 1387, in _gcd_import
  File "<frozen importlib._bootstrap>", line 1360, in _find_and_load
  File "<frozen importlib._bootstrap>", line 1331, in _find_and_load_unlocked
  File "<frozen importlib._bootstrap>", line 935, in _load_unlocked
  File "<frozen importlib._bootstrap_external>", line 1026, in exec_module
  File "<frozen importlib._bootstrap>", line 488, in _call_with_frames_removed
  File "/home/pouya/Desktop/Git/TempBoiler/src/UI/urls.py", line 7, in <module>
    path('daemon/', DaemonManagerView.as_view(), name='daemon-manager'),
                    ^^^^^^^^^^^^^^^^^^^^^^^^^
AttributeError: 'function' object has no attribute 'as_view'
Traceback (most recent call last):
  File "/home/pouya/Desktop/Git/TempBoiler/src/manage.py", line 22, in <module>
    main()
    ~~~~^^
  File "/home/pouya/Desktop/Git/TempBoiler/src/manage.py", line 18, in main
    execute_from_command_line(sys.argv)
    ~~~~~~~~~~~~~~~~~~~~~~~~~^^^^^^^^^^
  File "/home/pouya/Desktop/Git/django/lib64/python3.13/site-packages/django/core/management/__init__.py", line 442, in execute_from_command_line
    utility.execute()
    ~~~~~~~~~~~~~~~^^
  File "/home/pouya/Desktop/Git/django/lib64/python3.13/site-packages/django/core/management/__init__.py", line 436, in execute
    self.fetch_command(subcommand).run_from_argv(self.argv)
    ~~~~~~~~~~~~~~~~~~~~~~~~~~~~~~~~~~~~~~~~~~~~^^^^^^^^^^^
  File "/home/pouya/Desktop/Git/django/lib64/python3.13/site-packages/django/core/management/base.py", line 416, in run_from_argv
    self.execute(*args, **cmd_options)
    ~~~~~~~~~~~~^^^^^^^^^^^^^^^^^^^^^^
  File "/home/pouya/Desktop/Git/django/lib64/python3.13/site-packages/django/core/management/base.py", line 457, in execute
    self.check(**check_kwargs)
    ~~~~~~~~~~^^^^^^^^^^^^^^^^
  File "/home/pouya/Desktop/Git/django/lib64/python3.13/site-packages/django/core/management/base.py", line 492, in check
    all_issues = checks.run_checks(
        app_configs=app_configs,
    ...<2 lines>...
        databases=databases,
    )
  File "/home/pouya/Desktop/Git/django/lib64/python3.13/site-packages/django/core/checks/registry.py", line 89, in run_checks
    new_errors = check(app_configs=app_configs, databases=databases)
  File "/home/pouya/Desktop/Git/django/lib64/python3.13/site-packages/django/core/checks/urls.py", line 136, in check_custom_error_handlers
    handler = resolver.resolve_error_handler(status_code)
  File "/home/pouya/Desktop/Git/django/lib64/python3.13/site-packages/django/urls/resolvers.py", line 732, in resolve_error_handler
    callback = getattr(self.urlconf_module, "handler%s" % view_type, None)
                       ^^^^^^^^^^^^^^^^^^^
  File "/home/pouya/Desktop/Git/django/lib64/python3.13/site-packages/django/utils/functional.py", line 47, in __get__
    res = instance.__dict__[self.name] = self.func(instance)
                                         ~~~~~~~~~^^^^^^^^^^
  File "/home/pouya/Desktop/Git/django/lib64/python3.13/site-packages/django/urls/resolvers.py", line 711, in urlconf_module
    return import_module(self.urlconf_name)
  File "/usr/lib64/python3.13/importlib/__init__.py", line 88, in import_module
    return _bootstrap._gcd_import(name[level:], package, level)
           ~~~~~~~~~~~~~~~~~~~~~~^^^^^^^^^^^^^^^^^^^^^^^^^^^^^^
  File "<frozen importlib._bootstrap>", line 1387, in _gcd_import
  File "<frozen importlib._bootstrap>", line 1360, in _find_and_load
  File "<frozen importlib._bootstrap>", line 1331, in _find_and_load_unlocked
  File "<frozen importlib._bootstrap>", line 935, in _load_unlocked
  File "<frozen importlib._bootstrap_external>", line 1026, in exec_module
  File "<frozen importlib._bootstrap>", line 488, in _call_with_frames_removed
  File "/home/pouya/Desktop/Git/TempBoiler/src/app/urls.py", line 51, in <module>
    path('', include('UI.urls')),
             ~~~~~~~^^^^^^^^^^^
  File "/home/pouya/Desktop/Git/django/lib64/python3.13/site-packages/django/urls/conf.py", line 39, in include
    urlconf_module = import_module(urlconf_module)
  File "/usr/lib64/python3.13/importlib/__init__.py", line 88, in import_module
    return _bootstrap._gcd_import(name[level:], package, level)
           ~~~~~~~~~~~~~~~~~~~~~~^^^^^^^^^^^^^^^^^^^^^^^^^^^^^^
  File "<frozen importlib._bootstrap>", line 1387, in _gcd_import
  File "<frozen importlib._bootstrap>", line 1360, in _find_and_load
  File "<frozen importlib._bootstrap>", line 1331, in _find_and_load_unlocked
  File "<frozen importlib._bootstrap>", line 935, in _load_unlocked
  File "<frozen importlib._bootstrap_external>", line 1026, in exec_module
  File "<frozen importlib._bootstrap>", line 488, in _call_with_frames_removed
  File "/home/pouya/Desktop/Git/TempBoiler/src/UI/urls.py", line 7, in <module>
    path('daemon/', DaemonManagerView.as_view(), name='daemon-manager'),
                    ^^^^^^^^^^^^^^^^^^^^^^^^^
AttributeError: 'function' object has no attribute 'as_view'
Successfully collected system metrics
Successfully collected system metrics
Successfully collected system metrics
Successfully collected system metrics
Successfully collected system metrics
Successfully collected system metrics
Successfully collected system metrics
Traceback (most recent call last):
  File "/home/pouya/Desktop/Git/django/lib64/python3.13/site-packages/django/core/management/__init__.py", line 255, in fetch_command
    app_name = commands[subcommand]
               ~~~~~~~~^^^^^^^^^^^^
KeyError: 'collect_system_metrics'

During handling of the above exception, another exception occurred:

Traceback (most recent call last):
  File "/home/pouya/Desktop/Git/TempBoiler/src/manage.py", line 22, in <module>
    main()
    ~~~~^^
  File "/home/pouya/Desktop/Git/TempBoiler/src/manage.py", line 18, in main
    execute_from_command_line(sys.argv)
    ~~~~~~~~~~~~~~~~~~~~~~~~~^^^^^^^^^^
  File "/home/pouya/Desktop/Git/django/lib64/python3.13/site-packages/django/core/management/__init__.py", line 442, in execute_from_command_line
    utility.execute()
    ~~~~~~~~~~~~~~~^^
  File "/home/pouya/Desktop/Git/django/lib64/python3.13/site-packages/django/core/management/__init__.py", line 436, in execute
    self.fetch_command(subcommand).run_from_argv(self.argv)
    ~~~~~~~~~~~~~~~~~~^^^^^^^^^^^^
  File "/home/pouya/Desktop/Git/django/lib64/python3.13/site-packages/django/core/management/__init__.py", line 262, in fetch_command
    settings.INSTALLED_APPS
  File "/home/pouya/Desktop/Git/django/lib64/python3.13/site-packages/django/conf/__init__.py", line 81, in __getattr__
    self._setup(name)
    ~~~~~~~~~~~^^^^^^
  File "/home/pouya/Desktop/Git/django/lib64/python3.13/site-packages/django/conf/__init__.py", line 68, in _setup
    self._wrapped = Settings(settings_module)
                    ~~~~~~~~^^^^^^^^^^^^^^^^^
  File "/home/pouya/Desktop/Git/django/lib64/python3.13/site-packages/django/conf/__init__.py", line 166, in __init__
    mod = importlib.import_module(self.SETTINGS_MODULE)
  File "/usr/lib64/python3.13/importlib/__init__.py", line 88, in import_module
    return _bootstrap._gcd_import(name[level:], package, level)
           ~~~~~~~~~~~~~~~~~~~~~~^^^^^^^^^^^^^^^^^^^^^^^^^^^^^^
  File "<frozen importlib._bootstrap>", line 1387, in _gcd_import
  File "<frozen importlib._bootstrap>", line 1360, in _find_and_load
  File "<frozen importlib._bootstrap>", line 1331, in _find_and_load_unlocked
  File "<frozen importlib._bootstrap>", line 935, in _load_unlocked
  File "<frozen importlib._bootstrap_external>", line 1026, in exec_module
  File "<frozen importlib._bootstrap>", line 488, in _call_with_frames_removed
  File "/home/pouya/Desktop/Git/TempBoiler/src/app/settings.py", line 6, in <module>
    from .config_utils import get_project_name, get_display_name, get_project_description, get_ui_theme, get_default_language, get_supported_languages, is_analytics_enabled, get_analytics_sample_rate, is_debug_enabled, get_allowed_hosts , get_api_version
ImportError: cannot import name 'get_api_version' from 'app.config_utils' (/home/pouya/Desktop/Git/TempBoiler/src/app/config_utils.py)
Traceback (most recent call last):
  File "/home/pouya/Desktop/Git/TempBoiler/src/manage.py", line 22, in <module>
    main()
    ~~~~^^
  File "/home/pouya/Desktop/Git/TempBoiler/src/manage.py", line 18, in main
    execute_from_command_line(sys.argv)
    ~~~~~~~~~~~~~~~~~~~~~~~~~^^^^^^^^^^
  File "/home/pouya/Desktop/Git/django/lib64/python3.13/site-packages/django/core/management/__init__.py", line 442, in execute_from_command_line
    utility.execute()
    ~~~~~~~~~~~~~~~^^
  File "/home/pouya/Desktop/Git/django/lib64/python3.13/site-packages/django/core/management/__init__.py", line 382, in execute
    settings.INSTALLED_APPS
  File "/home/pouya/Desktop/Git/django/lib64/python3.13/site-packages/django/conf/__init__.py", line 81, in __getattr__
    self._setup(name)
    ~~~~~~~~~~~^^^^^^
  File "/home/pouya/Desktop/Git/django/lib64/python3.13/site-packages/django/conf/__init__.py", line 68, in _setup
    self._wrapped = Settings(settings_module)
                    ~~~~~~~~^^^^^^^^^^^^^^^^^
  File "/home/pouya/Desktop/Git/django/lib64/python3.13/site-packages/django/conf/__init__.py", line 166, in __init__
    mod = importlib.import_module(self.SETTINGS_MODULE)
  File "/usr/lib64/python3.13/importlib/__init__.py", line 88, in import_module
    return _bootstrap._gcd_import(name[level:], package, level)
           ~~~~~~~~~~~~~~~~~~~~~~^^^^^^^^^^^^^^^^^^^^^^^^^^^^^^
  File "<frozen importlib._bootstrap>", line 1387, in _gcd_import
  File "<frozen importlib._bootstrap>", line 1360, in _find_and_load
  File "<frozen importlib._bootstrap>", line 1331, in _find_and_load_unlocked
  File "<frozen importlib._bootstrap>", line 935, in _load_unlocked
  File "<frozen importlib._bootstrap_external>", line 1026, in exec_module
  File "<frozen importlib._bootstrap>", line 488, in _call_with_frames_removed
  File "/home/pouya/Desktop/Git/TempBoiler/src/app/settings.py", line 234, in <module>
    'TITLE': f'{get_project_display_name()} Model API',
                ^^^^^^^^^^^^^^^^^^^^^^^^
NameError: name 'get_project_display_name' is not defined
Traceback (most recent call last):
  File "/home/pouya/Desktop/Git/TempBoiler/src/manage.py", line 22, in <module>
    main()
    ~~~~^^
  File "/home/pouya/Desktop/Git/TempBoiler/src/manage.py", line 18, in main
    execute_from_command_line(sys.argv)
    ~~~~~~~~~~~~~~~~~~~~~~~~~^^^^^^^^^^
  File "/home/pouya/Desktop/Git/django/lib64/python3.13/site-packages/django/core/management/__init__.py", line 442, in execute_from_command_line
    utility.execute()
    ~~~~~~~~~~~~~~~^^
  File "/home/pouya/Desktop/Git/django/lib64/python3.13/site-packages/django/core/management/__init__.py", line 436, in execute
    self.fetch_command(subcommand).run_from_argv(self.argv)
    ~~~~~~~~~~~~~~~~~~~~~~~~~~~~~~~~~~~~~~~~~~~~^^^^^^^^^^^
  File "/home/pouya/Desktop/Git/django/lib64/python3.13/site-packages/django/core/management/base.py", line 416, in run_from_argv
    self.execute(*args, **cmd_options)
    ~~~~~~~~~~~~^^^^^^^^^^^^^^^^^^^^^^
  File "/home/pouya/Desktop/Git/django/lib64/python3.13/site-packages/django/core/management/base.py", line 457, in execute
    self.check(**check_kwargs)
    ~~~~~~~~~~^^^^^^^^^^^^^^^^
  File "/home/pouya/Desktop/Git/django/lib64/python3.13/site-packages/django/core/management/base.py", line 492, in check
    all_issues = checks.run_checks(
        app_configs=app_configs,
    ...<2 lines>...
        databases=databases,
    )
  File "/home/pouya/Desktop/Git/django/lib64/python3.13/site-packages/django/core/checks/registry.py", line 89, in run_checks
    new_errors = check(app_configs=app_configs, databases=databases)
  File "/home/pouya/Desktop/Git/django/lib64/python3.13/site-packages/django/core/checks/urls.py", line 136, in check_custom_error_handlers
    handler = resolver.resolve_error_handler(status_code)
  File "/home/pouya/Desktop/Git/django/lib64/python3.13/site-packages/django/urls/resolvers.py", line 732, in resolve_error_handler
    callback = getattr(self.urlconf_module, "handler%s" % view_type, None)
                       ^^^^^^^^^^^^^^^^^^^
  File "/home/pouya/Desktop/Git/django/lib64/python3.13/site-packages/django/utils/functional.py", line 47, in __get__
    res = instance.__dict__[self.name] = self.func(instance)
                                         ~~~~~~~~~^^^^^^^^^^
  File "/home/pouya/Desktop/Git/django/lib64/python3.13/site-packages/django/urls/resolvers.py", line 711, in urlconf_module
    return import_module(self.urlconf_name)
  File "/usr/lib64/python3.13/importlib/__init__.py", line 88, in import_module
    return _bootstrap._gcd_import(name[level:], package, level)
           ~~~~~~~~~~~~~~~~~~~~~~^^^^^^^^^^^^^^^^^^^^^^^^^^^^^^
  File "<frozen importlib._bootstrap>", line 1387, in _gcd_import
  File "<frozen importlib._bootstrap>", line 1360, in _find_and_load
  File "<frozen importlib._bootstrap>", line 1331, in _find_and_load_unlocked
  File "<frozen importlib._bootstrap>", line 935, in _load_unlocked
  File "<frozen importlib._bootstrap_external>", line 1022, in exec_module
  File "<frozen importlib._bootstrap_external>", line 1160, in get_code
  File "<frozen importlib._bootstrap_external>", line 1090, in source_to_code
  File "<frozen importlib._bootstrap>", line 488, in _call_with_frames_removed
  File "/home/pouya/Desktop/Git/TempBoiler/src/app/urls.py", line 13
    from drf_spectacular.views import SpectacularAPIView, SpectacularRedocView, SpectacularSwaggerView , 
                                                                                                         ^
SyntaxError: trailing comma not allowed without surrounding parentheses
Traceback (most recent call last):
  File "/home/pouya/Desktop/Git/TempBoiler/src/manage.py", line 22, in <module>
    main()
    ~~~~^^
  File "/home/pouya/Desktop/Git/TempBoiler/src/manage.py", line 18, in main
    execute_from_command_line(sys.argv)
    ~~~~~~~~~~~~~~~~~~~~~~~~~^^^^^^^^^^
  File "/home/pouya/Desktop/Git/django/lib64/python3.13/site-packages/django/core/management/__init__.py", line 442, in execute_from_command_line
    utility.execute()
    ~~~~~~~~~~~~~~~^^
  File "/home/pouya/Desktop/Git/django/lib64/python3.13/site-packages/django/core/management/__init__.py", line 436, in execute
    self.fetch_command(subcommand).run_from_argv(self.argv)
    ~~~~~~~~~~~~~~~~~~~~~~~~~~~~~~~~~~~~~~~~~~~~^^^^^^^^^^^
  File "/home/pouya/Desktop/Git/django/lib64/python3.13/site-packages/django/core/management/base.py", line 416, in run_from_argv
    self.execute(*args, **cmd_options)
    ~~~~~~~~~~~~^^^^^^^^^^^^^^^^^^^^^^
  File "/home/pouya/Desktop/Git/django/lib64/python3.13/site-packages/django/core/management/base.py", line 457, in execute
    self.check(**check_kwargs)
    ~~~~~~~~~~^^^^^^^^^^^^^^^^
  File "/home/pouya/Desktop/Git/django/lib64/python3.13/site-packages/django/core/management/base.py", line 492, in check
    all_issues = checks.run_checks(
        app_configs=app_configs,
    ...<2 lines>...
        databases=databases,
    )
  File "/home/pouya/Desktop/Git/django/lib64/python3.13/site-packages/django/core/checks/registry.py", line 89, in run_checks
    new_errors = check(app_configs=app_configs, databases=databases)
  File "/home/pouya/Desktop/Git/django/lib64/python3.13/site-packages/django/core/checks/urls.py", line 136, in check_custom_error_handlers
    handler = resolver.resolve_error_handler(status_code)
  File "/home/pouya/Desktop/Git/django/lib64/python3.13/site-packages/django/urls/resolvers.py", line 732, in resolve_error_handler
    callback = getattr(self.urlconf_module, "handler%s" % view_type, None)
                       ^^^^^^^^^^^^^^^^^^^
  File "/home/pouya/Desktop/Git/django/lib64/python3.13/site-packages/django/utils/functional.py", line 47, in __get__
    res = instance.__dict__[self.name] = self.func(instance)
                                         ~~~~~~~~~^^^^^^^^^^
  File "/home/pouya/Desktop/Git/django/lib64/python3.13/site-packages/django/urls/resolvers.py", line 711, in urlconf_module
    return import_module(self.urlconf_name)
  File "/usr/lib64/python3.13/importlib/__init__.py", line 88, in import_module
    return _bootstrap._gcd_import(name[level:], package, level)
           ~~~~~~~~~~~~~~~~~~~~~~^^^^^^^^^^^^^^^^^^^^^^^^^^^^^^
  File "<frozen importlib._bootstrap>", line 1387, in _gcd_import
  File "<frozen importlib._bootstrap>", line 1360, in _find_and_load
  File "<frozen importlib._bootstrap>", line 1331, in _find_and_load_unlocked
  File "<frozen importlib._bootstrap>", line 935, in _load_unlocked
  File "<frozen importlib._bootstrap_external>", line 1022, in exec_module
  File "<frozen importlib._bootstrap_external>", line 1160, in get_code
  File "<frozen importlib._bootstrap_external>", line 1090, in source_to_code
  File "<frozen importlib._bootstrap>", line 488, in _call_with_frames_removed
  File "/home/pouya/Desktop/Git/TempBoiler/src/app/urls.py", line 13
    from drf_spectacular.views import SpectacularAPIView, SpectacularRedocView, SpectacularSwaggerView , 
                                                                                                         ^
SyntaxError: trailing comma not allowed without surrounding parentheses
Traceback (most recent call last):
  File "/home/pouya/Desktop/Git/TempBoiler/src/manage.py", line 22, in <module>
    main()
    ~~~~^^
  File "/home/pouya/Desktop/Git/TempBoiler/src/manage.py", line 18, in main
    execute_from_command_line(sys.argv)
    ~~~~~~~~~~~~~~~~~~~~~~~~~^^^^^^^^^^
  File "/home/pouya/Desktop/Git/django/lib64/python3.13/site-packages/django/core/management/__init__.py", line 442, in execute_from_command_line
    utility.execute()
    ~~~~~~~~~~~~~~~^^
  File "/home/pouya/Desktop/Git/django/lib64/python3.13/site-packages/django/core/management/__init__.py", line 436, in execute
    self.fetch_command(subcommand).run_from_argv(self.argv)
    ~~~~~~~~~~~~~~~~~~~~~~~~~~~~~~~~~~~~~~~~~~~~^^^^^^^^^^^
  File "/home/pouya/Desktop/Git/django/lib64/python3.13/site-packages/django/core/management/base.py", line 416, in run_from_argv
    self.execute(*args, **cmd_options)
    ~~~~~~~~~~~~^^^^^^^^^^^^^^^^^^^^^^
  File "/home/pouya/Desktop/Git/django/lib64/python3.13/site-packages/django/core/management/base.py", line 457, in execute
    self.check(**check_kwargs)
    ~~~~~~~~~~^^^^^^^^^^^^^^^^
  File "/home/pouya/Desktop/Git/django/lib64/python3.13/site-packages/django/core/management/base.py", line 492, in check
    all_issues = checks.run_checks(
        app_configs=app_configs,
    ...<2 lines>...
        databases=databases,
    )
  File "/home/pouya/Desktop/Git/django/lib64/python3.13/site-packages/django/core/checks/registry.py", line 89, in run_checks
    new_errors = check(app_configs=app_configs, databases=databases)
  File "/home/pouya/Desktop/Git/django/lib64/python3.13/site-packages/django/core/checks/urls.py", line 136, in check_custom_error_handlers
    handler = resolver.resolve_error_handler(status_code)
  File "/home/pouya/Desktop/Git/django/lib64/python3.13/site-packages/django/urls/resolvers.py", line 732, in resolve_error_handler
    callback = getattr(self.urlconf_module, "handler%s" % view_type, None)
                       ^^^^^^^^^^^^^^^^^^^
  File "/home/pouya/Desktop/Git/django/lib64/python3.13/site-packages/django/utils/functional.py", line 47, in __get__
    res = instance.__dict__[self.name] = self.func(instance)
                                         ~~~~~~~~~^^^^^^^^^^
  File "/home/pouya/Desktop/Git/django/lib64/python3.13/site-packages/django/urls/resolvers.py", line 711, in urlconf_module
    return import_module(self.urlconf_name)
  File "/usr/lib64/python3.13/importlib/__init__.py", line 88, in import_module
    return _bootstrap._gcd_import(name[level:], package, level)
           ~~~~~~~~~~~~~~~~~~~~~~^^^^^^^^^^^^^^^^^^^^^^^^^^^^^^
  File "<frozen importlib._bootstrap>", line 1387, in _gcd_import
  File "<frozen importlib._bootstrap>", line 1360, in _find_and_load
  File "<frozen importlib._bootstrap>", line 1331, in _find_and_load_unlocked
  File "<frozen importlib._bootstrap>", line 935, in _load_unlocked
  File "<frozen importlib._bootstrap_external>", line 1022, in exec_module
  File "<frozen importlib._bootstrap_external>", line 1160, in get_code
  File "<frozen importlib._bootstrap_external>", line 1090, in source_to_code
  File "<frozen importlib._bootstrap>", line 488, in _call_with_frames_removed
  File "/home/pouya/Desktop/Git/TempBoiler/src/app/urls.py", line 13
    from drf_spectacular.views import SpectacularAPIView, SpectacularRedocView, SpectacularSwaggerView , 
                                                                                                         ^
SyntaxError: trailing comma not allowed without surrounding parentheses
Traceback (most recent call last):
  File "/home/pouya/Desktop/Git/TempBoiler/src/manage.py", line 22, in <module>
    main()
    ~~~~^^
  File "/home/pouya/Desktop/Git/TempBoiler/src/manage.py", line 18, in main
    execute_from_command_line(sys.argv)
    ~~~~~~~~~~~~~~~~~~~~~~~~~^^^^^^^^^^
  File "/home/pouya/Desktop/Git/django/lib64/python3.13/site-packages/django/core/management/__init__.py", line 442, in execute_from_command_line
    utility.execute()
    ~~~~~~~~~~~~~~~^^
  File "/home/pouya/Desktop/Git/django/lib64/python3.13/site-packages/django/core/management/__init__.py", line 436, in execute
    self.fetch_command(subcommand).run_from_argv(self.argv)
    ~~~~~~~~~~~~~~~~~~~~~~~~~~~~~~~~~~~~~~~~~~~~^^^^^^^^^^^
  File "/home/pouya/Desktop/Git/django/lib64/python3.13/site-packages/django/core/management/base.py", line 416, in run_from_argv
    self.execute(*args, **cmd_options)
    ~~~~~~~~~~~~^^^^^^^^^^^^^^^^^^^^^^
  File "/home/pouya/Desktop/Git/django/lib64/python3.13/site-packages/django/core/management/base.py", line 457, in execute
    self.check(**check_kwargs)
    ~~~~~~~~~~^^^^^^^^^^^^^^^^
  File "/home/pouya/Desktop/Git/django/lib64/python3.13/site-packages/django/core/management/base.py", line 492, in check
    all_issues = checks.run_checks(
        app_configs=app_configs,
    ...<2 lines>...
        databases=databases,
    )
  File "/home/pouya/Desktop/Git/django/lib64/python3.13/site-packages/django/core/checks/registry.py", line 89, in run_checks
    new_errors = check(app_configs=app_configs, databases=databases)
  File "/home/pouya/Desktop/Git/django/lib64/python3.13/site-packages/django/core/checks/urls.py", line 136, in check_custom_error_handlers
    handler = resolver.resolve_error_handler(status_code)
  File "/home/pouya/Desktop/Git/django/lib64/python3.13/site-packages/django/urls/resolvers.py", line 732, in resolve_error_handler
    callback = getattr(self.urlconf_module, "handler%s" % view_type, None)
                       ^^^^^^^^^^^^^^^^^^^
  File "/home/pouya/Desktop/Git/django/lib64/python3.13/site-packages/django/utils/functional.py", line 47, in __get__
    res = instance.__dict__[self.name] = self.func(instance)
                                         ~~~~~~~~~^^^^^^^^^^
  File "/home/pouya/Desktop/Git/django/lib64/python3.13/site-packages/django/urls/resolvers.py", line 711, in urlconf_module
    return import_module(self.urlconf_name)
  File "/usr/lib64/python3.13/importlib/__init__.py", line 88, in import_module
    return _bootstrap._gcd_import(name[level:], package, level)
           ~~~~~~~~~~~~~~~~~~~~~~^^^^^^^^^^^^^^^^^^^^^^^^^^^^^^
  File "<frozen importlib._bootstrap>", line 1387, in _gcd_import
  File "<frozen importlib._bootstrap>", line 1360, in _find_and_load
  File "<frozen importlib._bootstrap>", line 1331, in _find_and_load_unlocked
  File "<frozen importlib._bootstrap>", line 935, in _load_unlocked
  File "<frozen importlib._bootstrap_external>", line 1022, in exec_module
  File "<frozen importlib._bootstrap_external>", line 1160, in get_code
  File "<frozen importlib._bootstrap_external>", line 1090, in source_to_code
  File "<frozen importlib._bootstrap>", line 488, in _call_with_frames_removed
  File "/home/pouya/Desktop/Git/TempBoiler/src/app/urls.py", line 13
    from drf_spectacular.views import SpectacularAPIView, SpectacularRedocView, SpectacularSwaggerView , 
                                                                                                         ^
SyntaxError: trailing comma not allowed without surrounding parentheses
Traceback (most recent call last):
  File "/home/pouya/Desktop/Git/TempBoiler/src/manage.py", line 22, in <module>
    main()
    ~~~~^^
  File "/home/pouya/Desktop/Git/TempBoiler/src/manage.py", line 18, in main
    execute_from_command_line(sys.argv)
    ~~~~~~~~~~~~~~~~~~~~~~~~~^^^^^^^^^^
  File "/home/pouya/Desktop/Git/django/lib64/python3.13/site-packages/django/core/management/__init__.py", line 442, in execute_from_command_line
    utility.execute()
    ~~~~~~~~~~~~~~~^^
  File "/home/pouya/Desktop/Git/django/lib64/python3.13/site-packages/django/core/management/__init__.py", line 436, in execute
    self.fetch_command(subcommand).run_from_argv(self.argv)
    ~~~~~~~~~~~~~~~~~~~~~~~~~~~~~~~~~~~~~~~~~~~~^^^^^^^^^^^
  File "/home/pouya/Desktop/Git/django/lib64/python3.13/site-packages/django/core/management/base.py", line 416, in run_from_argv
    self.execute(*args, **cmd_options)
    ~~~~~~~~~~~~^^^^^^^^^^^^^^^^^^^^^^
  File "/home/pouya/Desktop/Git/django/lib64/python3.13/site-packages/django/core/management/base.py", line 457, in execute
    self.check(**check_kwargs)
    ~~~~~~~~~~^^^^^^^^^^^^^^^^
  File "/home/pouya/Desktop/Git/django/lib64/python3.13/site-packages/django/core/management/base.py", line 492, in check
    all_issues = checks.run_checks(
        app_configs=app_configs,
    ...<2 lines>...
        databases=databases,
    )
  File "/home/pouya/Desktop/Git/django/lib64/python3.13/site-packages/django/core/checks/registry.py", line 89, in run_checks
    new_errors = check(app_configs=app_configs, databases=databases)
  File "/home/pouya/Desktop/Git/django/lib64/python3.13/site-packages/django/core/checks/urls.py", line 136, in check_custom_error_handlers
    handler = resolver.resolve_error_handler(status_code)
  File "/home/pouya/Desktop/Git/django/lib64/python3.13/site-packages/django/urls/resolvers.py", line 732, in resolve_error_handler
    callback = getattr(self.urlconf_module, "handler%s" % view_type, None)
                       ^^^^^^^^^^^^^^^^^^^
  File "/home/pouya/Desktop/Git/django/lib64/python3.13/site-packages/django/utils/functional.py", line 47, in __get__
    res = instance.__dict__[self.name] = self.func(instance)
                                         ~~~~~~~~~^^^^^^^^^^
  File "/home/pouya/Desktop/Git/django/lib64/python3.13/site-packages/django/urls/resolvers.py", line 711, in urlconf_module
    return import_module(self.urlconf_name)
  File "/usr/lib64/python3.13/importlib/__init__.py", line 88, in import_module
    return _bootstrap._gcd_import(name[level:], package, level)
           ~~~~~~~~~~~~~~~~~~~~~~^^^^^^^^^^^^^^^^^^^^^^^^^^^^^^
  File "<frozen importlib._bootstrap>", line 1387, in _gcd_import
  File "<frozen importlib._bootstrap>", line 1360, in _find_and_load
  File "<frozen importlib._bootstrap>", line 1331, in _find_and_load_unlocked
  File "<frozen importlib._bootstrap>", line 935, in _load_unlocked
  File "<frozen importlib._bootstrap_external>", line 1022, in exec_module
  File "<frozen importlib._bootstrap_external>", line 1160, in get_code
  File "<frozen importlib._bootstrap_external>", line 1090, in source_to_code
  File "<frozen importlib._bootstrap>", line 488, in _call_with_frames_removed
  File "/home/pouya/Desktop/Git/TempBoiler/src/app/urls.py", line 13
    from drf_spectacular.views import SpectacularAPIView, SpectacularRedocView, SpectacularSwaggerView , 
                                                                                                         ^
SyntaxError: trailing comma not allowed without surrounding parentheses
Traceback (most recent call last):
  File "/home/pouya/Desktop/Git/TempBoiler/src/manage.py", line 22, in <module>
    main()
    ~~~~^^
  File "/home/pouya/Desktop/Git/TempBoiler/src/manage.py", line 18, in main
    execute_from_command_line(sys.argv)
    ~~~~~~~~~~~~~~~~~~~~~~~~~^^^^^^^^^^
  File "/home/pouya/Desktop/Git/django/lib64/python3.13/site-packages/django/core/management/__init__.py", line 442, in execute_from_command_line
    utility.execute()
    ~~~~~~~~~~~~~~~^^
  File "/home/pouya/Desktop/Git/django/lib64/python3.13/site-packages/django/core/management/__init__.py", line 382, in execute
    settings.INSTALLED_APPS
  File "/home/pouya/Desktop/Git/django/lib64/python3.13/site-packages/django/conf/__init__.py", line 81, in __getattr__
    self._setup(name)
    ~~~~~~~~~~~^^^^^^
  File "/home/pouya/Desktop/Git/django/lib64/python3.13/site-packages/django/conf/__init__.py", line 68, in _setup
    self._wrapped = Settings(settings_module)
                    ~~~~~~~~^^^^^^^^^^^^^^^^^
  File "/home/pouya/Desktop/Git/django/lib64/python3.13/site-packages/django/conf/__init__.py", line 166, in __init__
    mod = importlib.import_module(self.SETTINGS_MODULE)
  File "/usr/lib64/python3.13/importlib/__init__.py", line 88, in import_module
    return _bootstrap._gcd_import(name[level:], package, level)
           ~~~~~~~~~~~~~~~~~~~~~~^^^^^^^^^^^^^^^^^^^^^^^^^^^^^^
  File "<frozen importlib._bootstrap>", line 1387, in _gcd_import
  File "<frozen importlib._bootstrap>", line 1360, in _find_and_load
  File "<frozen importlib._bootstrap>", line 1331, in _find_and_load_unlocked
  File "<frozen importlib._bootstrap>", line 935, in _load_unlocked
  File "<frozen importlib._bootstrap_external>", line 1026, in exec_module
  File "<frozen importlib._bootstrap>", line 488, in _call_with_frames_removed
  File "/home/pouya/Desktop/Git/TempBoiler/src/app/settings.py", line 104, in <module>
    if get_cors_enabled():
       ~~~~~~~~~~~~~~~~^^
  File "/home/pouya/Desktop/Git/TempBoiler/src/app/config_utils.py", line 247, in get_cors_enabled
    return config_manager.get_cors_hosts()
           ^^^^^^^^^^^^^^^^^^^^^^^^^^^^^
AttributeError: 'ConfigManager' object has no attribute 'get_cors_hosts'
Traceback (most recent call last):
  File "/home/pouya/Desktop/Git/TempBoiler/src/manage.py", line 22, in <module>
    main()
    ~~~~^^
  File "/home/pouya/Desktop/Git/TempBoiler/src/manage.py", line 18, in main
    execute_from_command_line(sys.argv)
    ~~~~~~~~~~~~~~~~~~~~~~~~~^^^^^^^^^^
  File "/home/pouya/Desktop/Git/django/lib64/python3.13/site-packages/django/core/management/__init__.py", line 442, in execute_from_command_line
    utility.execute()
    ~~~~~~~~~~~~~~~^^
  File "/home/pouya/Desktop/Git/django/lib64/python3.13/site-packages/django/core/management/__init__.py", line 382, in execute
    settings.INSTALLED_APPS
  File "/home/pouya/Desktop/Git/django/lib64/python3.13/site-packages/django/conf/__init__.py", line 81, in __getattr__
    self._setup(name)
    ~~~~~~~~~~~^^^^^^
  File "/home/pouya/Desktop/Git/django/lib64/python3.13/site-packages/django/conf/__init__.py", line 68, in _setup
    self._wrapped = Settings(settings_module)
                    ~~~~~~~~^^^^^^^^^^^^^^^^^
  File "/home/pouya/Desktop/Git/django/lib64/python3.13/site-packages/django/conf/__init__.py", line 166, in __init__
    mod = importlib.import_module(self.SETTINGS_MODULE)
  File "/usr/lib64/python3.13/importlib/__init__.py", line 88, in import_module
    return _bootstrap._gcd_import(name[level:], package, level)
           ~~~~~~~~~~~~~~~~~~~~~~^^^^^^^^^^^^^^^^^^^^^^^^^^^^^^
  File "<frozen importlib._bootstrap>", line 1387, in _gcd_import
  File "<frozen importlib._bootstrap>", line 1360, in _find_and_load
  File "<frozen importlib._bootstrap>", line 1331, in _find_and_load_unlocked
  File "<frozen importlib._bootstrap>", line 935, in _load_unlocked
  File "<frozen importlib._bootstrap_external>", line 1026, in exec_module
  File "<frozen importlib._bootstrap>", line 488, in _call_with_frames_removed
  File "/home/pouya/Desktop/Git/TempBoiler/src/app/settings.py", line 104, in <module>
    if get_cors_enabled():
       ~~~~~~~~~~~~~~~~^^
  File "/home/pouya/Desktop/Git/TempBoiler/src/app/config_utils.py", line 247, in get_cors_enabled
    return config_manager.get_cors_hosts()
           ^^^^^^^^^^^^^^^^^^^^^^^^^^^^^
AttributeError: 'ConfigManager' object has no attribute 'get_cors_hosts'
Traceback (most recent call last):
  File "/home/pouya/Desktop/Git/TempBoiler/src/manage.py", line 22, in <module>
    main()
    ~~~~^^
  File "/home/pouya/Desktop/Git/TempBoiler/src/manage.py", line 18, in main
    execute_from_command_line(sys.argv)
    ~~~~~~~~~~~~~~~~~~~~~~~~~^^^^^^^^^^
  File "/home/pouya/Desktop/Git/django/lib64/python3.13/site-packages/django/core/management/__init__.py", line 442, in execute_from_command_line
    utility.execute()
    ~~~~~~~~~~~~~~~^^
  File "/home/pouya/Desktop/Git/django/lib64/python3.13/site-packages/django/core/management/__init__.py", line 382, in execute
    settings.INSTALLED_APPS
  File "/home/pouya/Desktop/Git/django/lib64/python3.13/site-packages/django/conf/__init__.py", line 81, in __getattr__
    self._setup(name)
    ~~~~~~~~~~~^^^^^^
  File "/home/pouya/Desktop/Git/django/lib64/python3.13/site-packages/django/conf/__init__.py", line 68, in _setup
    self._wrapped = Settings(settings_module)
                    ~~~~~~~~^^^^^^^^^^^^^^^^^
  File "/home/pouya/Desktop/Git/django/lib64/python3.13/site-packages/django/conf/__init__.py", line 166, in __init__
    mod = importlib.import_module(self.SETTINGS_MODULE)
  File "/usr/lib64/python3.13/importlib/__init__.py", line 88, in import_module
    return _bootstrap._gcd_import(name[level:], package, level)
           ~~~~~~~~~~~~~~~~~~~~~~^^^^^^^^^^^^^^^^^^^^^^^^^^^^^^
  File "<frozen importlib._bootstrap>", line 1387, in _gcd_import
  File "<frozen importlib._bootstrap>", line 1360, in _find_and_load
  File "<frozen importlib._bootstrap>", line 1331, in _find_and_load_unlocked
  File "<frozen importlib._bootstrap>", line 935, in _load_unlocked
  File "<frozen importlib._bootstrap_external>", line 1026, in exec_module
  File "<frozen importlib._bootstrap>", line 488, in _call_with_frames_removed
  File "/home/pouya/Desktop/Git/TempBoiler/src/app/settings.py", line 104, in <module>
    if get_cors_enabled():
       ~~~~~~~~~~~~~~~~^^
  File "/home/pouya/Desktop/Git/TempBoiler/src/app/config_utils.py", line 247, in get_cors_enabled
    return config_manager.get_cors_hosts()
           ^^^^^^^^^^^^^^^^^^^^^^^^^^^^^
AttributeError: 'ConfigManager' object has no attribute 'get_cors_hosts'
Traceback (most recent call last):
  File "/home/pouya/Desktop/Git/TempBoiler/src/manage.py", line 22, in <module>
    main()
    ~~~~^^
  File "/home/pouya/Desktop/Git/TempBoiler/src/manage.py", line 18, in main
    execute_from_command_line(sys.argv)
    ~~~~~~~~~~~~~~~~~~~~~~~~~^^^^^^^^^^
  File "/home/pouya/Desktop/Git/django/lib64/python3.13/site-packages/django/core/management/__init__.py", line 442, in execute_from_command_line
    utility.execute()
    ~~~~~~~~~~~~~~~^^
  File "/home/pouya/Desktop/Git/django/lib64/python3.13/site-packages/django/core/management/__init__.py", line 382, in execute
    settings.INSTALLED_APPS
  File "/home/pouya/Desktop/Git/django/lib64/python3.13/site-packages/django/conf/__init__.py", line 81, in __getattr__
    self._setup(name)
    ~~~~~~~~~~~^^^^^^
  File "/home/pouya/Desktop/Git/django/lib64/python3.13/site-packages/django/conf/__init__.py", line 68, in _setup
    self._wrapped = Settings(settings_module)
                    ~~~~~~~~^^^^^^^^^^^^^^^^^
  File "/home/pouya/Desktop/Git/django/lib64/python3.13/site-packages/django/conf/__init__.py", line 166, in __init__
    mod = importlib.import_module(self.SETTINGS_MODULE)
  File "/usr/lib64/python3.13/importlib/__init__.py", line 88, in import_module
    return _bootstrap._gcd_import(name[level:], package, level)
           ~~~~~~~~~~~~~~~~~~~~~~^^^^^^^^^^^^^^^^^^^^^^^^^^^^^^
  File "<frozen importlib._bootstrap>", line 1387, in _gcd_import
  File "<frozen importlib._bootstrap>", line 1360, in _find_and_load
  File "<frozen importlib._bootstrap>", line 1331, in _find_and_load_unlocked
  File "<frozen importlib._bootstrap>", line 935, in _load_unlocked
  File "<frozen importlib._bootstrap_external>", line 1026, in exec_module
  File "<frozen importlib._bootstrap>", line 488, in _call_with_frames_removed
  File "/home/pouya/Desktop/Git/TempBoiler/src/app/settings.py", line 104, in <module>
    if get_cors_enabled():
       ~~~~~~~~~~~~~~~~^^
  File "/home/pouya/Desktop/Git/TempBoiler/src/app/config_utils.py", line 247, in get_cors_enabled
    return config_manager.get_cors_hosts()
           ^^^^^^^^^^^^^^^^^^^^^^^^^^^^^
AttributeError: 'ConfigManager' object has no attribute 'get_cors_hosts'
Traceback (most recent call last):
  File "/home/pouya/Desktop/Git/TempBoiler/src/manage.py", line 22, in <module>
    main()
    ~~~~^^
  File "/home/pouya/Desktop/Git/TempBoiler/src/manage.py", line 18, in main
    execute_from_command_line(sys.argv)
    ~~~~~~~~~~~~~~~~~~~~~~~~~^^^^^^^^^^
  File "/home/pouya/Desktop/Git/django/lib64/python3.13/site-packages/django/core/management/__init__.py", line 442, in execute_from_command_line
    utility.execute()
    ~~~~~~~~~~~~~~~^^
  File "/home/pouya/Desktop/Git/django/lib64/python3.13/site-packages/django/core/management/__init__.py", line 382, in execute
    settings.INSTALLED_APPS
  File "/home/pouya/Desktop/Git/django/lib64/python3.13/site-packages/django/conf/__init__.py", line 81, in __getattr__
    self._setup(name)
    ~~~~~~~~~~~^^^^^^
  File "/home/pouya/Desktop/Git/django/lib64/python3.13/site-packages/django/conf/__init__.py", line 68, in _setup
    self._wrapped = Settings(settings_module)
                    ~~~~~~~~^^^^^^^^^^^^^^^^^
  File "/home/pouya/Desktop/Git/django/lib64/python3.13/site-packages/django/conf/__init__.py", line 166, in __init__
    mod = importlib.import_module(self.SETTINGS_MODULE)
  File "/usr/lib64/python3.13/importlib/__init__.py", line 88, in import_module
    return _bootstrap._gcd_import(name[level:], package, level)
           ~~~~~~~~~~~~~~~~~~~~~~^^^^^^^^^^^^^^^^^^^^^^^^^^^^^^
  File "<frozen importlib._bootstrap>", line 1387, in _gcd_import
  File "<frozen importlib._bootstrap>", line 1360, in _find_and_load
  File "<frozen importlib._bootstrap>", line 1331, in _find_and_load_unlocked
  File "<frozen importlib._bootstrap>", line 935, in _load_unlocked
  File "<frozen importlib._bootstrap_external>", line 1026, in exec_module
  File "<frozen importlib._bootstrap>", line 488, in _call_with_frames_removed
  File "/home/pouya/Desktop/Git/TempBoiler/src/app/settings.py", line 104, in <module>
    if get_cors_enabled():
       ~~~~~~~~~~~~~~~~^^
  File "/home/pouya/Desktop/Git/TempBoiler/src/app/config_utils.py", line 247, in get_cors_enabled
    return config_manager.get_cors_hosts()
           ^^^^^^^^^^^^^^^^^^^^^^^^^^^^^
AttributeError: 'ConfigManager' object has no attribute 'get_cors_hosts'
Traceback (most recent call last):
  File "/home/pouya/Desktop/Git/TempBoiler/src/manage.py", line 22, in <module>
    main()
    ~~~~^^
  File "/home/pouya/Desktop/Git/TempBoiler/src/manage.py", line 18, in main
    execute_from_command_line(sys.argv)
    ~~~~~~~~~~~~~~~~~~~~~~~~~^^^^^^^^^^
  File "/home/pouya/Desktop/Git/django/lib64/python3.13/site-packages/django/core/management/__init__.py", line 442, in execute_from_command_line
    utility.execute()
    ~~~~~~~~~~~~~~~^^
  File "/home/pouya/Desktop/Git/django/lib64/python3.13/site-packages/django/core/management/__init__.py", line 382, in execute
    settings.INSTALLED_APPS
  File "/home/pouya/Desktop/Git/django/lib64/python3.13/site-packages/django/conf/__init__.py", line 81, in __getattr__
    self._setup(name)
    ~~~~~~~~~~~^^^^^^
  File "/home/pouya/Desktop/Git/django/lib64/python3.13/site-packages/django/conf/__init__.py", line 68, in _setup
    self._wrapped = Settings(settings_module)
                    ~~~~~~~~^^^^^^^^^^^^^^^^^
  File "/home/pouya/Desktop/Git/django/lib64/python3.13/site-packages/django/conf/__init__.py", line 166, in __init__
    mod = importlib.import_module(self.SETTINGS_MODULE)
  File "/usr/lib64/python3.13/importlib/__init__.py", line 88, in import_module
    return _bootstrap._gcd_import(name[level:], package, level)
           ~~~~~~~~~~~~~~~~~~~~~~^^^^^^^^^^^^^^^^^^^^^^^^^^^^^^
  File "<frozen importlib._bootstrap>", line 1387, in _gcd_import
  File "<frozen importlib._bootstrap>", line 1360, in _find_and_load
  File "<frozen importlib._bootstrap>", line 1331, in _find_and_load_unlocked
  File "<frozen importlib._bootstrap>", line 935, in _load_unlocked
  File "<frozen importlib._bootstrap_external>", line 1026, in exec_module
  File "<frozen importlib._bootstrap>", line 488, in _call_with_frames_removed
  File "/home/pouya/Desktop/Git/TempBoiler/src/app/settings.py", line 104, in <module>
    if get_cors_enabled():
       ~~~~~~~~~~~~~~~~^^
  File "/home/pouya/Desktop/Git/TempBoiler/src/app/config_utils.py", line 247, in get_cors_enabled
    return config_manager.get_cors_hosts()
           ^^^^^^^^^^^^^^^^^^^^^^^^^^^^^
AttributeError: 'ConfigManager' object has no attribute 'get_cors_hosts'
Successfully collected system metrics
Successfully collected system metrics
Successfully collected system metrics
Successfully collected system metrics
Successfully collected system metrics
Traceback (most recent call last):
  File "/home/pouya/Desktop/Git/django/lib64/python3.13/site-packages/django/core/checks/urls.py", line 136, in check_custom_error_handlers
    handler = resolver.resolve_error_handler(status_code)
  File "/home/pouya/Desktop/Git/django/lib64/python3.13/site-packages/django/urls/resolvers.py", line 732, in resolve_error_handler
    callback = getattr(self.urlconf_module, "handler%s" % view_type, None)
                       ^^^^^^^^^^^^^^^^^^^
  File "/home/pouya/Desktop/Git/django/lib64/python3.13/site-packages/django/utils/functional.py", line 47, in __get__
    res = instance.__dict__[self.name] = self.func(instance)
                                         ~~~~~~~~~^^^^^^^^^^
  File "/home/pouya/Desktop/Git/django/lib64/python3.13/site-packages/django/urls/resolvers.py", line 711, in urlconf_module
    return import_module(self.urlconf_name)
  File "/usr/lib64/python3.13/importlib/__init__.py", line 88, in import_module
    return _bootstrap._gcd_import(name[level:], package, level)
           ~~~~~~~~~~~~~~~~~~~~~~^^^^^^^^^^^^^^^^^^^^^^^^^^^^^^
  File "<frozen importlib._bootstrap>", line 1387, in _gcd_import
  File "<frozen importlib._bootstrap>", line 1360, in _find_and_load
  File "<frozen importlib._bootstrap>", line 1331, in _find_and_load_unlocked
  File "<frozen importlib._bootstrap>", line 935, in _load_unlocked
  File "<frozen importlib._bootstrap_external>", line 1026, in exec_module
  File "<frozen importlib._bootstrap>", line 488, in _call_with_frames_removed
  File "/home/pouya/Desktop/Git/TempBoiler/src/app/urls.py", line 51, in <module>
    path('', include('UI.urls')),
             ~~~~~~~^^^^^^^^^^^
  File "/home/pouya/Desktop/Git/django/lib64/python3.13/site-packages/django/urls/conf.py", line 39, in include
    urlconf_module = import_module(urlconf_module)
  File "/usr/lib64/python3.13/importlib/__init__.py", line 88, in import_module
    return _bootstrap._gcd_import(name[level:], package, level)
           ~~~~~~~~~~~~~~~~~~~~~~^^^^^^^^^^^^^^^^^^^^^^^^^^^^^^
  File "<frozen importlib._bootstrap>", line 1387, in _gcd_import
  File "<frozen importlib._bootstrap>", line 1360, in _find_and_load
  File "<frozen importlib._bootstrap>", line 1331, in _find_and_load_unlocked
  File "<frozen importlib._bootstrap>", line 935, in _load_unlocked
  File "<frozen importlib._bootstrap_external>", line 1026, in exec_module
  File "<frozen importlib._bootstrap>", line 488, in _call_with_frames_removed
  File "/home/pouya/Desktop/Git/TempBoiler/src/UI/urls.py", line 5, in <module>
    from .services import DaemonManagerView, DaemonServiceView, DaemonServiceDetailView
  File "/home/pouya/Desktop/Git/TempBoiler/src/UI/services.py", line 12, in <module>
    from RateLimitModel.model import api_rate_limit
ModuleNotFoundError: No module named 'RateLimitModel.model'

During handling of the above exception, another exception occurred:

Traceback (most recent call last):
  File "/home/pouya/Desktop/Git/TempBoiler/src/manage.py", line 22, in <module>
    main()
    ~~~~^^
  File "/home/pouya/Desktop/Git/TempBoiler/src/manage.py", line 18, in main
    execute_from_command_line(sys.argv)
    ~~~~~~~~~~~~~~~~~~~~~~~~~^^^^^^^^^^
  File "/home/pouya/Desktop/Git/django/lib64/python3.13/site-packages/django/core/management/__init__.py", line 442, in execute_from_command_line
    utility.execute()
    ~~~~~~~~~~~~~~~^^
  File "/home/pouya/Desktop/Git/django/lib64/python3.13/site-packages/django/core/management/__init__.py", line 436, in execute
    self.fetch_command(subcommand).run_from_argv(self.argv)
    ~~~~~~~~~~~~~~~~~~~~~~~~~~~~~~~~~~~~~~~~~~~~^^^^^^^^^^^
  File "/home/pouya/Desktop/Git/django/lib64/python3.13/site-packages/django/core/management/base.py", line 416, in run_from_argv
    self.execute(*args, **cmd_options)
    ~~~~~~~~~~~~^^^^^^^^^^^^^^^^^^^^^^
  File "/home/pouya/Desktop/Git/django/lib64/python3.13/site-packages/django/core/management/base.py", line 457, in execute
    self.check(**check_kwargs)
    ~~~~~~~~~~^^^^^^^^^^^^^^^^
  File "/home/pouya/Desktop/Git/django/lib64/python3.13/site-packages/django/core/management/base.py", line 492, in check
    all_issues = checks.run_checks(
        app_configs=app_configs,
    ...<2 lines>...
        databases=databases,
    )
  File "/home/pouya/Desktop/Git/django/lib64/python3.13/site-packages/django/core/checks/registry.py", line 89, in run_checks
    new_errors = check(app_configs=app_configs, databases=databases)
  File "/home/pouya/Desktop/Git/django/lib64/python3.13/site-packages/django/core/checks/urls.py", line 138, in check_custom_error_handlers
    path = getattr(resolver.urlconf_module, "handler%s" % status_code)
                   ^^^^^^^^^^^^^^^^^^^^^^^
  File "/home/pouya/Desktop/Git/django/lib64/python3.13/site-packages/django/utils/functional.py", line 47, in __get__
    res = instance.__dict__[self.name] = self.func(instance)
                                         ~~~~~~~~~^^^^^^^^^^
  File "/home/pouya/Desktop/Git/django/lib64/python3.13/site-packages/django/urls/resolvers.py", line 711, in urlconf_module
    return import_module(self.urlconf_name)
  File "/usr/lib64/python3.13/importlib/__init__.py", line 88, in import_module
    return _bootstrap._gcd_import(name[level:], package, level)
           ~~~~~~~~~~~~~~~~~~~~~~^^^^^^^^^^^^^^^^^^^^^^^^^^^^^^
  File "<frozen importlib._bootstrap>", line 1387, in _gcd_import
  File "<frozen importlib._bootstrap>", line 1360, in _find_and_load
  File "<frozen importlib._bootstrap>", line 1331, in _find_and_load_unlocked
  File "<frozen importlib._bootstrap>", line 935, in _load_unlocked
  File "<frozen importlib._bootstrap_external>", line 1026, in exec_module
  File "<frozen importlib._bootstrap>", line 488, in _call_with_frames_removed
  File "/home/pouya/Desktop/Git/TempBoiler/src/app/urls.py", line 51, in <module>
    path('', include('UI.urls')),
             ~~~~~~~^^^^^^^^^^^
  File "/home/pouya/Desktop/Git/django/lib64/python3.13/site-packages/django/urls/conf.py", line 39, in include
    urlconf_module = import_module(urlconf_module)
  File "/usr/lib64/python3.13/importlib/__init__.py", line 88, in import_module
    return _bootstrap._gcd_import(name[level:], package, level)
           ~~~~~~~~~~~~~~~~~~~~~~^^^^^^^^^^^^^^^^^^^^^^^^^^^^^^
  File "<frozen importlib._bootstrap>", line 1387, in _gcd_import
  File "<frozen importlib._bootstrap>", line 1360, in _find_and_load
  File "<frozen importlib._bootstrap>", line 1331, in _find_and_load_unlocked
  File "<frozen importlib._bootstrap>", line 935, in _load_unlocked
  File "<frozen importlib._bootstrap_external>", line 1026, in exec_module
  File "<frozen importlib._bootstrap>", line 488, in _call_with_frames_removed
  File "/home/pouya/Desktop/Git/TempBoiler/src/UI/urls.py", line 5, in <module>
    from .services import DaemonManagerView, DaemonServiceView, DaemonServiceDetailView
  File "/home/pouya/Desktop/Git/TempBoiler/src/UI/services.py", line 12, in <module>
    from RateLimitModel.model import api_rate_limit
ModuleNotFoundError: No module named 'RateLimitModel.model'
Successfully collected system metrics
